------------------------------------------------------------
Timing Analyzer Summary
------------------------------------------------------------

Type  : Slow 1200mV 85C Model Setup 'CLK'
Slack : -6.523
TNS   : -100.650

Type  : Slow 1200mV 85C Model Setup 'RESET'
Slack : -6.398
TNS   : -100.285

Type  : Slow 1200mV 85C Model Setup 'CLOCK_FPGA'
Slack : -4.448
TNS   : -55.612

Type  : Slow 1200mV 85C Model Hold 'RESET'
Slack : 0.110
TNS   : 0.000

Type  : Slow 1200mV 85C Model Hold 'CLK'
Slack : 0.263
TNS   : 0.000

Type  : Slow 1200mV 85C Model Hold 'CLOCK_FPGA'
Slack : 0.313
TNS   : 0.000

Type  : Slow 1200mV 85C Model Recovery 'CLK'
Slack : -6.041
TNS   : -84.720

Type  : Slow 1200mV 85C Model Recovery 'RESET'
Slack : -5.916
TNS   : -82.640

Type  : Slow 1200mV 85C Model Recovery 'CLOCK_FPGA'
Slack : -1.698
TNS   : -13.710

Type  : Slow 1200mV 85C Model Removal 'CLOCK_FPGA'
Slack : -0.046
TNS   : -0.046

Type  : Slow 1200mV 85C Model Removal 'RESET'
Slack : 4.639
TNS   : 0.000

Type  : Slow 1200mV 85C Model Removal 'CLK'
Slack : 4.774
TNS   : 0.000

Type  : Slow 1200mV 85C Model Minimum Pulse Width 'CLK'
Slack : -3.000
TNS   : -26.253

Type  : Slow 1200mV 85C Model Minimum Pulse Width 'RESET'
Slack : -3.000
TNS   : -26.253

Type  : Slow 1200mV 85C Model Minimum Pulse Width 'CLOCK_FPGA'
Slack : -3.000
TNS   : -26.130

Type  : Slow 1200mV 0C Model Setup 'CLK'
Slack : -5.764
TNS   : -89.500

Type  : Slow 1200mV 0C Model Setup 'RESET'
Slack : -5.661
TNS   : -89.447

Type  : Slow 1200mV 0C Model Setup 'CLOCK_FPGA'
Slack : -4.012
TNS   : -49.897

Type  : Slow 1200mV 0C Model Hold 'RESET'
Slack : 0.086
TNS   : 0.000

Type  : Slow 1200mV 0C Model Hold 'CLK'
Slack : 0.219
TNS   : 0.000

Type  : Slow 1200mV 0C Model Hold 'CLOCK_FPGA'
Slack : 0.279
TNS   : 0.000

Type  : Slow 1200mV 0C Model Recovery 'CLK'
Slack : -5.301
TNS   : -74.581

Type  : Slow 1200mV 0C Model Recovery 'RESET'
Slack : -5.198
TNS   : -72.901

Type  : Slow 1200mV 0C Model Recovery 'CLOCK_FPGA'
Slack : -1.472
TNS   : -11.478

Type  : Slow 1200mV 0C Model Removal 'CLOCK_FPGA'
Slack : 0.075
TNS   : 0.000

Type  : Slow 1200mV 0C Model Removal 'RESET'
Slack : 4.200
TNS   : 0.000

Type  : Slow 1200mV 0C Model Removal 'CLK'
Slack : 4.307
TNS   : 0.000

Type  : Slow 1200mV 0C Model Minimum Pulse Width 'CLK'
Slack : -3.000
TNS   : -26.209

Type  : Slow 1200mV 0C Model Minimum Pulse Width 'RESET'
Slack : -3.000
TNS   : -26.209

Type  : Slow 1200mV 0C Model Minimum Pulse Width 'CLOCK_FPGA'
Slack : -3.000
TNS   : -26.130

Type  : Fast 1200mV 0C Model Setup 'CLK'
Slack : -3.163
TNS   : -42.647

Type  : Fast 1200mV 0C Model Setup 'RESET'
Slack : -3.139
TNS   : -42.452

Type  : Fast 1200mV 0C Model Setup 'CLOCK_FPGA'
Slack : -1.926
TNS   : -22.453

Type  : Fast 1200mV 0C Model Hold 'RESET'
Slack : 0.038
TNS   : 0.000

Type  : Fast 1200mV 0C Model Hold 'CLK'
Slack : 0.069
TNS   : 0.000

Type  : Fast 1200mV 0C Model Hold 'CLOCK_FPGA'
Slack : 0.183
TNS   : 0.000

Type  : Fast 1200mV 0C Model Recovery 'CLK'
Slack : -2.993
TNS   : -36.123

Type  : Fast 1200mV 0C Model Recovery 'RESET'
Slack : -2.969
TNS   : -35.619

Type  : Fast 1200mV 0C Model Recovery 'CLOCK_FPGA'
Slack : -1.020
TNS   : -9.106

Type  : Fast 1200mV 0C Model Removal 'CLOCK_FPGA'
Slack : -0.343
TNS   : -0.343

Type  : Fast 1200mV 0C Model Removal 'RESET'
Slack : 1.984
TNS   : 0.000

Type  : Fast 1200mV 0C Model Removal 'CLK'
Slack : 2.023
TNS   : 0.000

Type  : Fast 1200mV 0C Model Minimum Pulse Width 'RESET'
Slack : -3.000
TNS   : -25.098

Type  : Fast 1200mV 0C Model Minimum Pulse Width 'CLK'
Slack : -3.000
TNS   : -24.700

Type  : Fast 1200mV 0C Model Minimum Pulse Width 'CLOCK_FPGA'
Slack : -3.000
TNS   : -22.053

------------------------------------------------------------
